3: W0507 13:04:11.344000 154362 torch/distributed/run.py:852] 
3: W0507 13:04:11.344000 154362 torch/distributed/run.py:852] *****************************************
3: W0507 13:04:11.344000 154362 torch/distributed/run.py:852] Setting OMP_NUM_THREADS environment variable for each process to be 1 in default, to avoid your system being overloaded, please further tune the variable for optimal performance in your application as needed. 
3: W0507 13:04:11.344000 154362 torch/distributed/run.py:852] *****************************************
2: W0507 13:04:11.543000 158396 torch/distributed/run.py:852] 
2: W0507 13:04:11.543000 158396 torch/distributed/run.py:852] *****************************************
2: W0507 13:04:11.543000 158396 torch/distributed/run.py:852] Setting OMP_NUM_THREADS environment variable for each process to be 1 in default, to avoid your system being overloaded, please further tune the variable for optimal performance in your application as needed. 
2: W0507 13:04:11.543000 158396 torch/distributed/run.py:852] *****************************************
0: W0507 13:04:11.827000 250460 torch/distributed/run.py:852] 
0: W0507 13:04:11.827000 250460 torch/distributed/run.py:852] *****************************************
0: W0507 13:04:11.827000 250460 torch/distributed/run.py:852] Setting OMP_NUM_THREADS environment variable for each process to be 1 in default, to avoid your system being overloaded, please further tune the variable for optimal performance in your application as needed. 
0: W0507 13:04:11.827000 250460 torch/distributed/run.py:852] *****************************************
1: W0507 13:04:12.569000 102980 torch/distributed/run.py:852] 
1: W0507 13:04:12.569000 102980 torch/distributed/run.py:852] *****************************************
1: W0507 13:04:12.569000 102980 torch/distributed/run.py:852] Setting OMP_NUM_THREADS environment variable for each process to be 1 in default, to avoid your system being overloaded, please further tune the variable for optimal performance in your application as needed. 
1: W0507 13:04:12.569000 102980 torch/distributed/run.py:852] *****************************************
1: [default1]:[W507 13:04:17.917374979 ProcessGroupNCCL.cpp:941] Warning: TORCH_NCCL_AVOID_RECORD_STREAMS is the default now, this environment variable is thus deprecated. (function operator())
3: [default0]:[W507 13:04:18.178905336 ProcessGroupNCCL.cpp:941] Warning: TORCH_NCCL_AVOID_RECORD_STREAMS is the default now, this environment variable is thus deprecated. (function operator())
3: [default1]:[W507 13:04:18.192419601 ProcessGroupNCCL.cpp:941] Warning: TORCH_NCCL_AVOID_RECORD_STREAMS is the default now, this environment variable is thus deprecated. (function operator())
3: [default2]:[W507 13:04:18.178904824 ProcessGroupNCCL.cpp:941] Warning: TORCH_NCCL_AVOID_RECORD_STREAMS is the default now, this environment variable is thus deprecated. (function operator())
3: [default3]:[W507 13:04:18.192462639 ProcessGroupNCCL.cpp:941] Warning: TORCH_NCCL_AVOID_RECORD_STREAMS is the default now, this environment variable is thus deprecated. (function operator())
0: [default2]:[W507 13:04:18.267263036 ProcessGroupNCCL.cpp:941] Warning: TORCH_NCCL_AVOID_RECORD_STREAMS is the default now, this environment variable is thus deprecated. (function operator())
0: [default3]:[W507 13:04:18.267262620 ProcessGroupNCCL.cpp:941] Warning: TORCH_NCCL_AVOID_RECORD_STREAMS is the default now, this environment variable is thus deprecated. (function operator())
2: [default1]:[W507 13:04:18.061045576 ProcessGroupNCCL.cpp:941] Warning: TORCH_NCCL_AVOID_RECORD_STREAMS is the default now, this environment variable is thus deprecated. (function operator())
2: [default2]:[W507 13:04:18.071101821 ProcessGroupNCCL.cpp:941] Warning: TORCH_NCCL_AVOID_RECORD_STREAMS is the default now, this environment variable is thus deprecated. (function operator())
2: [default3]:[W507 13:04:18.060358172 ProcessGroupNCCL.cpp:941] Warning: TORCH_NCCL_AVOID_RECORD_STREAMS is the default now, this environment variable is thus deprecated. (function operator())
0: [default1]:[W507 13:04:18.606685289 ProcessGroupNCCL.cpp:941] Warning: TORCH_NCCL_AVOID_RECORD_STREAMS is the default now, this environment variable is thus deprecated. (function operator())
0: [default0]:[W507 13:04:18.606278070 ProcessGroupNCCL.cpp:941] Warning: TORCH_NCCL_AVOID_RECORD_STREAMS is the default now, this environment variable is thus deprecated. (function operator())
2: [default0]:[W507 13:04:18.522176253 ProcessGroupNCCL.cpp:941] Warning: TORCH_NCCL_AVOID_RECORD_STREAMS is the default now, this environment variable is thus deprecated. (function operator())
1: [default0]:[W507 13:04:18.878129148 ProcessGroupNCCL.cpp:941] Warning: TORCH_NCCL_AVOID_RECORD_STREAMS is the default now, this environment variable is thus deprecated. (function operator())
1: [default3]:[W507 13:04:18.865412885 ProcessGroupNCCL.cpp:941] Warning: TORCH_NCCL_AVOID_RECORD_STREAMS is the default now, this environment variable is thus deprecated. (function operator())
1: [default2]:[W507 13:04:18.944736289 ProcessGroupNCCL.cpp:941] Warning: TORCH_NCCL_AVOID_RECORD_STREAMS is the default now, this environment variable is thus deprecated. (function operator())
0: [default0]:Nodes: 4
0: [default0]:GPUs: 16
0: [default0]:Device: NVIDIA GH200 120GB
0: [default0]:PyTorch: 2.10.0a0+a36e1d39eb.nv26.01.42222806
0: [default0]:NCCL: (2, 29, 2)
3: [default0]:[rank12]:[W507 13:04:19.044624209 ProcessGroupNCCL.cpp:5163] Guessing device ID based on global rank. This can cause a hang if rank to GPU mapping is heterogeneous. You can specify device_id in init_process_group()
0: [default0]:/usr/local/lib/python3.12/dist-packages/torch/distributed/c10d_logger.py:83: UserWarning: barrier(): using the device under current context. You can specify `device_id` in `init_process_group` to mute this warning.
0: [default0]:  return func(*args, **kwargs)
0: [default0]:[rank0]:[W507 13:04:19.103156026 ProcessGroupNCCL.cpp:5163] Guessing device ID based on global rank. This can cause a hang if rank to GPU mapping is heterogeneous. You can specify device_id in init_process_group()
2: [default0]:[rank8]:[W507 13:04:19.898297515 ProcessGroupNCCL.cpp:5163] Guessing device ID based on global rank. This can cause a hang if rank to GPU mapping is heterogeneous. You can specify device_id in init_process_group()
1: [default0]:[rank4]:[W507 13:04:19.505174227 ProcessGroupNCCL.cpp:5163] Guessing device ID based on global rank. This can cause a hang if rank to GPU mapping is heterogeneous. You can specify device_id in init_process_group()
0: [default0]:
0: [default0]:--- Intra-node (4 GPUs) ---
0: [default0]:        Size   Latency (ms)    Bus BW (GB/s)
0: [default0]:      128 MB            0.6            316.6
0: [default0]:      256 MB            1.2            324.1
0: [default0]:      512 MB            2.6            314.4
0: [default0]:        1 GB            4.8            338.7
0: [default0]:        2 GB            9.5            339.5
0: [default0]:        4 GB           19.0            339.6
0: [default0]:        8 GB           37.8            340.8
0: [default0]:       16 GB           75.7            340.3
0: [default0]:
0: [default0]:--- Inter-node (16 GPUs, 4 nodes) ---
0: [default0]:        Size   Latency (ms)    Bus BW (GB/s)
0: [default0]:      128 MB            2.8             90.0
0: [default0]:      256 MB            5.5             91.7
0: [default0]:      512 MB           10.9             92.4
0: [default0]:        1 GB           21.7             92.9
0: [default0]:        2 GB           43.4             92.9
0: [default0]:        4 GB           86.8             92.8
0: [default0]:        8 GB          173.6             92.8
0: [default0]:       16 GB          348.8             92.3
0: [default0]:
0: [default0]:Infra test passed.
